// Jest Snapshot v1, https://goo.gl/fbAQLP

exports[`<SignupForm/> Signup form contains username text input 1`] = `
<View
  style={
    {
      "alignItems": "center",
      "flex": 1,
      "justifyContent": "flex-start",
      "padding": 50,
    }
  }
>
  <Text>
     Create account 
  </Text>
  <TextInput
    onChangeText={[Function]}
    placeholder="Enter Your Username"
    placeholderTextColor="gray"
    style={
      {
        "borderColor": "gray",
        "borderRadius": 10,
        "borderWidth": 1,
        "height": 40,
        "margin": 12,
        "padding": 10,
        "width": 200,
      }
    }
    value=""
  />
  <TextInput
    onChangeText={[Function]}
    placeholder="Enter Your Email"
    placeholderTextColor="gray"
    style={
      {
        "borderColor": "gray",
        "borderRadius": 10,
        "borderWidth": 1,
        "height": 40,
        "margin": 12,
        "padding": 10,
        "width": 200,
      }
    }
    value=""
  />
  <TextInput
    onChangeText={[Function]}
    placeholder="Enter Your Password"
    placeholderTextColor="gray"
    style={
      {
        "borderColor": "gray",
        "borderRadius": 10,
        "borderWidth": 1,
        "height": 40,
        "margin": 12,
        "padding": 10,
        "width": 200,
      }
    }
    value=""
  />
  <TextInput
    onChangeText={[Function]}
    placeholder="Confirm Password"
    placeholderTextColor="gray"
    style={
      {
        "borderColor": "gray",
        "borderRadius": 10,
        "borderWidth": 1,
        "height": 40,
        "margin": 12,
        "padding": 10,
        "width": 200,
      }
    }
    value=""
  />
  <View>
    <View
      accessibilityState={
        {
          "busy": undefined,
          "checked": undefined,
          "disabled": undefined,
          "expanded": undefined,
          "selected": undefined,
        }
      }
      accessibilityValue={
        {
          "max": undefined,
          "min": undefined,
          "now": undefined,
          "text": undefined,
        }
      }
      accessible={true}
      collapsable={false}
      focusable={true}
      onBlur={[Function]}
      onClick={[Function]}
      onFocus={[Function]}
      onResponderGrant={[Function]}
      onResponderMove={[Function]}
      onResponderRelease={[Function]}
      onResponderTerminate={[Function]}
      onResponderTerminationRequest={[Function]}
      onStartShouldSetResponder={[Function]}
      style={
        {
          "backgroundColor": "#34b4eb",
          "borderColor": "white",
          "borderRadius": 10,
          "padding": 10,
          "width": 150,
        }
      }
    >
      <Text
        style={
          {
            "color": "white",
            "fontSize": 20,
            "fontWeight": "bold",
            "textAlign": "center",
          }
        }
      >
        Signup
      </Text>
    </View>
  </View>
</View>
`;
